border_size=1
usage=map

Gs^Fp       ,Gs^Fp       , Gs^Fp       , Gs^Fp       , Gs^Fp       , Gs^Fp       , Gs^Fp       , Gs^Fp       , Gs^Fp       , Gs^Fp       , Gs^Fp       , Gs^Fp       , Gs^Fp       , Gs^Fp       , Gs^Fp       , Gs^Fp       , Gs^Fp       , Gs^Fp       , Gs^Fp       , Re          , Re          , Re          , Gs^Fp       , Gs^Fp       , Gs^Fp       , Gs^Fp       , Gs^Fp       , Gs^Fp       , Gs^Fp       , Gs^Fp       , Gs^Fp       , Gs^Fp       , Gs^Fp       , Gs^Fp       , Gs^Fp       , Gs^Fp       , Gs^Fp       , Gs^Fp       , Gs^Fp       , Gs^Fp       , Gs^Fp       
Gs^Fp       ,Gs^Fp       , Gs^Fp       , Gs^Fp       , Gs^Fp       , Gs^Fp       , Gs^Fp       , Gs^Fp       , Gs^Fp       , Gs^Fp       , Gs^Fp       , Gs^Fp       , Gs^Fp       , Gs^Fp       , Gs^Fp       , Gs^Fp       , Gs^Fp       , Gs^Fp       , Gs^Fp       , Re          , Re          , Re          , Gs^Fp       , Gs^Fp       , Gs^Fp       , Gs^Fp       , Gs^Fp       , Gs^Fp       , Gs^Fp       , Gs^Fp       , Gs^Fp       , Gs^Fp       , Gs^Fp       , Gs^Fp       , Gs^Fp       , Gs^Fp       , Gs^Fp       , Gs^Fp       , Gs^Fp       , Gs^Fp       , Gs^Fp       
Gs^Fp       ,Gs^Fp       , Gs^Fp       , Gs^Fp       , Gs^Fp       , Gs^Fp       , Gs^Fp       , Gs^Fp       , Gs^Fp       , Gs^Fp       , Gs^Fp       , Gs^Fp       , Gs^Fp       , Gs^Fp       , Gs^Fp       , Gs^Fp       , Gs^Fp       , Gs^Fp       , Gs^Fp       , Gs^Fp       , Re          , Gs^Fp       , Gs^Fp       , Gs^Fp       , Gs^Fp       , Gs^Fp       , Gs^Fp       , Gs^Fp       , Gs^Fp       , Gs^Fp       , Gs^Fp       , Gs^Fp       , Gs^Fp       , Gs^Fp       , Gs^Fp       , Gs^Fp       , Gs^Fp       , Gs^Fp       , Gs^Fp       , Gs^Fp       , Gs^Fp       
Gs^Fp       ,Gs^Fp       , Gs^Fp       , Gs^Fp       , Gs^Fp       , Gs^Fp       , Gs^Fp       , Gs^Fp       , Gs^Fp       , Gs^Fp       , Gs^Fp       , Gs^Fp       , Gs^Fp       , Gs^Fp       , Gs^Fp       , Gs^Fp       , Gs^Fp       , Gs^Fp       , Gg          , Gg          , Wo^Bw|      , Gg          , Gg          , Gs^Fp       , Gs^Fp       , Gs^Fp       , Gs^Fp       , Gs^Fp       , Gs^Fp       , Gs^Fp       , Gs^Fp       , Gs^Fp       , Gs^Fp       , Gs^Fp       , Gs^Fp       , Gs^Fp       , Gs^Fp       , Gs^Fp       , Gs^Fp       , Gs^Fp       , Gs^Fp       
Gs^Fp       ,Gs^Fp       , Gs^Fp       , Gs^Fp       , Gs^Fp       , Gs^Fp       , Gs^Fp       , Gs^Fp       , Gs^Fp       , Gs^Fp       , Gs^Fp       , Gs^Fp       , Gs^Fp       , Gs^Fp       , Gs^Fp       , Gs^Fp       , Gg          , Gg          , Wo          , Wo          , Wo^Bw|      , Wo          , Wo          , Gg          , Gg          , Gs^Fp       , Gs^Fp       , Gs^Fp       , Gs^Fp       , Gs^Fp       , Gs^Fp       , Gs^Fp       , Gs^Fp       , Gs^Fp       , Gs^Fp       , Gs^Fp       , Gs^Fp       , Gs^Fp       , Gs^Fp       , Gs^Fp       , Gs^Fp       
Gs^Fp       ,Gs^Fp       , Gs^Fp       , Gs^Fp       , Gs^Fp       , Gs^Fp       , Gs^Fp       , Gs^Fp       , Gs^Fp       , Gs^Fp       , Gs^Fp       , Gs^Fp       , Gs^Fp       , Gs^Fp       , Gg          , Gg          , Wo          , Wo          , Wo          , Wo          , Wo^Bw/      , Wo          , Wo          , Wo          , Wo          , Gg          , Gg          , Gs^Fp       , Gs^Fp       , Gs^Fp       , Gs^Fp       , Gs^Fp       , Gs^Fp       , Gs^Fp       , Gs^Fp       , Gs^Fp       , Gs^Fp       , Gs^Fp       , Gs^Fp       , Gs^Fp       , Gs^Fp       
Gs^Fp       ,Gs^Fp       , Gs^Fp       , Gs^Fp       , Gs^Fp       , Gs^Fp       , Gs^Fp       , Gs^Fp       , Gs^Fp       , Gs^Fp       , Gs^Fp       , Gs^Fp       , Gg          , Gg          , Wo          , Wo          , Wo          , Wo          , Wo^Bw/      , Wo^Bw/      , Wo          , Wo^Bw\      , Wo^Bw\      , Wo          , Wo          , Wo          , Wo          , Gg          , Gg          , Gs^Fp       , Gs^Fp       , Gs^Fp       , Gs^Fp       , Gs^Fp       , Gs^Fp       , Gs^Fp       , Gs^Fp       , Gs^Fp       , Gs^Fp       , Gs^Fp       , Gs^Fp       
Gs^Fp       ,Gs^Fp       , Gs^Fp       , Gs^Fp       , Gs^Fp       , Gs^Fp       , Gs^Fp       , Gs^Fp       , Gs^Fp       , Gs^Fp       , Gg          , Gg          , Wo          , Wo          , Wo          , Wo          , Wo^Bw/      , Wo^Bw/      , Wo          , Wo          , Wo          , Wo          , Wo          , Wo^Bw\      , Wo^Bw\      , Wo          , Wo          , Wo          , Wo          , Gg          , Gg          , Gs^Fp       , Gs^Fp       , Gs^Fp       , Gs^Fp       , Gs^Fp       , Gs^Fp       , Gs^Fp       , Gs^Fp       , Gs^Fp       , Gs^Fp       
Gs^Fp       ,Gs^Fp       , Gs^Fp       , Gs^Fp       , Gs^Fp       , Gs^Fp       , Gs^Fp       , Gs^Fp       , Gg          , Gg          , Wo          , Wo          , Wo          , Wo          , Wo^Bw/      , Wo^Bw/      , Wo          , Wo          , Wo          , Wo          , Wo^Bw/      , Wo          , Wo          , Wo          , Wo          , Wo^Bw\      , Wo^Bw\      , Wo          , Wo          , Wo          , Wo          , Gg          , Gg          , Gs^Fp       , Gs^Fp       , Gs^Fp       , Gs^Fp       , Gs^Fp       , Gs^Fp       , Gs^Fp       , Gs^Fp       
Gs^Fp       ,Gs^Fp       , Gs^Fp       , Gs^Fp       , Gs^Fp       , Gs^Fp       , Gg          , Gg          , Wo          , Wo          , Wo          , Wo          , Wo^Bw/      , Wo^Bw/      , Wo          , Wo          , Wo          , Wo          , Wo^Bw/      , Wo^Bw/      , Wo          , Wo^Bw\      , Wo^Bw\      , Wo          , Wo          , Wo          , Wo          , Wo^Bw\      , Wo^Bw\      , Wo          , Wo          , Wo          , Wo          , Gg          , Gg          , Gs^Fp       , Gs^Fp       , Gs^Fp       , Gs^Fp       , Gs^Fp       , Gs^Fp       
Gs^Fp       ,Gs^Fp       , Gs^Fp       , Gs^Fp       , Gg          , Gg          , Wo          , Wo          , Wo          , Wo          , Wo^Bw/      , Wo^Bw/      , Wo          , Wo          , Wo          , Wo          , Wo^Bw/      , Wo^Bw/      , Wo          , Wo          , Wo          , Wo          , Wo          , Wo^Bw\      , Wo^Bw\      , Wo          , Wo          , Wo          , Wo          , Wo^Bw\      , Wo^Bw\      , Wo          , Wo          , Wo          , Wo          , Gg          , Gg          , Gs^Fp       , Gs^Fp       , Gs^Fp       , Gs^Fp       
Re          ,Re          , Re          , Gg          , Wo          , Wo          , Wo          , Wo          , Wo^Bw/      , Wo^Bw/      , Wo          , Wo          , Wo          , Wo          , Wo^Bw/      , Wo^Bw/      , Wo          , Wo          , Wo          , Wo          , Wo^Bw/      , Wo          , Wo          , Wo          , Wo          , Wo^Bw\      , Wo^Bw\      , Wo          , Wo          , Wo          , Wo          , Wo^Bw\      , Wo^Bw\      , Wo          , Wo          , Wo          , Wo          , Gg          , Re          , Re          , Re          
Gs^Fp       ,Gs^Fp       , Gg          , Wo^Bw\      , Wo^Bw\      , Wo          , Wo^Bw/      , Wo^Bw/      , Wo          , Wo          , Wo          , Wo          , Wo^Bw/      , Wo^Bw/      , Wo          , Wo          , Wo          , Wo          , Wo^Bw/      , Wo^Bw/      , Wo          , Wo^Bw\      , Wo^Bw\      , Wo          , Wo          , Wo          , Wo          , Wo^Bw\      , Wo^Bw\      , Wo          , Wo          , Wo          , Wo          , Wo^Bw\      , Wo^Bw\      , Wo          , Wo^Bw/      , Wo^Bw/      , Gg          , Gs^Fp       , Gs^Fp       
Gs^Fp       ,Gs^Fp       , Gg          , Wo          , Wo          , Wo^Bw/      , Wo          , Wo          , Wo          , Wo          , Wo^Bw/      , Wo^Bw/      , Wo          , Wo          , Wo          , Wo          , Wo^Bw/      , Wo^Bw/      , Wo          , Wo          , Wo          , Wo          , Wo          , Wo^Bw\      , Wo^Bw\      , Wo          , Wo          , Wo          , Wo          , Wo^Bw\      , Wo^Bw\      , Wo          , Wo          , Wo          , Wo          , Wo^Bw\      , Wo          , Wo          , Gg          , Gs^Fp       , Gs^Fp       
Gs^Fp       ,Gs^Fp       , Gg          , Wo          , Wo          , Wo^Bw|      , Wo          , Wo          , Wo^Bw/      , Wo^Bw/      , Wo          , Wo          , Wo          , Wo          , Wo^Bw/      , Wo^Bw/      , Wo          , Wo          , Wo          , Wo          , Wo^Bw/      , Wo          , Wo          , Wo          , Wo          , Wo^Bw\      , Wo^Bw\      , Wo          , Wo          , Wo          , Wo          , Wo^Bw\      , Wo^Bw\      , Wo          , Wo          , Wo^Bw|      , Wo          , Wo          , Gg          , Gs^Fp       , Gs^Fp       
Gs^Fp       ,Gs^Fp       , Gg          , Wo          , Wo          , Wo^Bw|      , Wo          , Wo          , Wo^Bw|      , Wo          , Wo          , Wo          , Wo^Bw/      , Wo^Bw/      , Wo          , Wo          , Wo          , Wo          , Wo^Bw/      , Wo^Bw/      , Wo          , Wo^Bw\      , Wo^Bw\      , Wo          , Wo          , Wo          , Wo          , Wo^Bw\      , Wo^Bw\      , Wo          , Wo          , Wo          , Wo^Bw|      , Wo          , Wo          , Wo^Bw|      , Wo          , Wo          , Gg          , Gs^Fp       , Gs^Fp       
Gs^Fp       ,Gs^Fp       , Gg          , Wo          , Wo          , Wo^Bw|      , Wo          , Wo          , Wo^Bw|      , Wo          , Wo          , Wo^Bw|      , Wo          , Wo          , Wo          , Wo          , Wo^Bw/      , Wo^Bw/      , Wo          , Wo          , Wo          , Wo          , Wo          , Wo^Bw\      , Wo^Bw\      , Wo          , Wo          , Wo          , Wo          , Wo^Bw\      , Wo          , Wo          , Wo^Bw|      , Wo          , Wo          , Wo^Bw|      , Wo          , Wo          , Gg          , Gs^Fp       , Gs^Fp       
Gs^Fp       ,Gs^Fp       , Gg          , Wo          , Wo          , Wo^Bw|      , Wo          , Wo          , Wo^Bw|      , Wo          , Wo          , Wo^Bw|      , Wo          , Wo          , Wo^Bw|      , Wo^Bw/      , Wo          , Wo          , Wo          , Wo          , Wo^Bw/      , Wo          , Wo          , Wo          , Wo          , Wo^Bw\      , Wo^Bw\      , Wo          , Wo          , Wo^Bw|      , Wo          , Wo          , Wo^Bw|      , Wo          , Wo          , Wo^Bw|      , Wo          , Wo          , Gg          , Gs^Fp       , Gs^Fp       
Gs^Fp       ,Gs^Fp       , Gg          , Wo          , Wo          , Wo^Bw|      , Wo          , Wo          , Wo^Bw|      , Wo          , Wo          , Wo^Bw|      , Wo          , Wo          , Wo^Bw|      , Wo          , Wo          , Wo          , Wo^Bw/      , Wo^Bw/      , Wo          , Wo^Bw\      , Wo^Bw\      , Wo          , Wo          , Wo          , Wo^Bw|      , Wo          , Wo          , Wo^Bw|      , Wo          , Wo          , Wo^Bw|      , Wo          , Wo          , Wo^Bw|      , Wo          , Wo          , Gg          , Gs^Fp       , Gs^Fp       
Gs^Fp       ,Gs^Fp       , Gg          , Wo          , Wo          , Wo^Bw|      , Wo          , Wo          , Wo^Bw|      , Wo          , Wo          , Wo^Bw|      , Wo          , Wo          , Wo^Bw|      , Wo          , Wo          , Wo^Bw|      , Wo          , Wo          , Ch          , Wo          , Wo          , Wo^Bw|      , Wo          , Wo          , Wo^Bw|      , Wo          , Wo          , Wo^Bw|      , Wo          , Wo          , Wo^Bw|      , Wo          , Wo          , Wo^Bw|      , Wo          , Wo          , Gg          , Gs^Fp       , Gs^Fp       
Gs^Fp       ,Gs^Fp       , Gg          , Wo          , Wo          , Wo^Bw|      , Wo          , Wo          , Wo^Bw|      , Wo          , Wo          , Wo^Bw|      , Wo          , Wo          , Wo^Bw|      , Wo          , Wo          , Wo^Bw|      , Wo          , Ch          , Kh          , Ch          , Wo          , Wo^Bw|      , Wo          , Wo          , Wo^Bw|      , Wo          , Wo          , Wo^Bw|      , Wo          , Wo          , Wo^Bw|      , Wo          , Wo          , Wo^Bw|      , Wo          , Wo          , Gg          , Gs^Fp       , Gs^Fp       
Gs^Fp       ,Gs^Fp       , Gg          , Wo          , Wo          , Wo^Bw|      , Wo          , Wo          , Wo^Bw|      , Wo          , Wo          , Wo^Bw|      , Wo          , Wo          , Wo^Bw|      , Wo          , Wo          , Wo^Bw|      , Wo          , Ch          , Ch          , Ch          , Wo          , Wo^Bw|      , Wo          , Wo          , Wo^Bw|      , Wo          , Wo          , Wo^Bw|      , Wo          , Wo          , Wo^Bw|      , Wo          , Wo          , Wo^Bw|      , Wo          , Wo          , Gg          , Gs^Fp       , Gs^Fp       
Gs^Fp       ,Gs^Fp       , Gg          , Wo          , Wo          , Wo^Bw|      , Wo          , Wo          , Wo^Bw|      , Wo          , Wo          , Wo^Bw|      , Wo          , Wo          , Wo^Bw|      , Wo          , Wo          , Wo^Bw\      , Wo^Bw\      , Wo          , Wo          , Wo          , Wo^Bw/      , Wo^Bw/      , Wo          , Wo          , Wo^Bw|      , Wo          , Wo          , Wo^Bw|      , Wo          , Wo          , Wo^Bw|      , Wo          , Wo          , Wo^Bw|      , Wo          , Wo          , Gg          , Gs^Fp       , Gs^Fp       
Gs^Fp       ,Gs^Fp       , Gg          , Wo          , Wo          , Wo^Bw|      , Wo          , Wo          , Wo^Bw|      , Wo          , Wo          , Wo^Bw|      , Wo          , Wo          , Wo^Bw|      , Wo          , Wo          , Wo          , Wo          , Wo^Bw\      , Wo^Bw\      , Wo^Bw/      , Wo          , Wo          , Wo          , Wo          , Wo^Bw/      , Wo          , Wo          , Wo^Bw|      , Wo          , Wo          , Wo^Bw|      , Wo          , Wo          , Wo^Bw|      , Wo          , Wo          , Gg          , Gs^Fp       , Gs^Fp       
Gs^Fp       ,Gs^Fp       , Gg          , Wo          , Wo          , Wo^Bw|      , Wo          , Wo          , Wo^Bw|      , Wo          , Wo          , Wo^Bw|      , Wo          , Wo          , Wo          , Wo^Bw\      , Wo^Bw\      , Wo          , Wo          , Wo          , Wo          , Wo          , Wo          , Wo          , Wo^Bw/      , Wo^Bw/      , Wo          , Wo          , Wo          , Wo^Bw|      , Wo          , Wo          , Wo^Bw|      , Wo          , Wo          , Wo^Bw|      , Wo          , Wo          , Gg          , Gs^Fp       , Gs^Fp       
Gs^Fp       ,Gs^Fp       , Gg          , Wo          , Wo          , Wo^Bw|      , Wo          , Wo          , Wo^Bw|      , Wo          , Wo          , Wo^Bw|      , Wo^Bw\      , Wo          , Wo          , Wo          , Wo          , Wo^Bw\      , Wo^Bw\      , Wo          , Wo          , Wo          , Wo^Bw/      , Wo^Bw/      , Wo          , Wo          , Wo          , Wo          , Wo^Bw/      , Wo^Bw/      , Wo          , Wo          , Wo^Bw|      , Wo          , Wo          , Wo^Bw|      , Wo          , Wo          , Gg          , Gs^Fp       , Gs^Fp       
Gs^Fp       ,Gs^Fp       , Gg          , Wo          , Wo          , Wo^Bw|      , Wo          , Wo          , Wo^Bw\      , Wo          , Wo          , Wo          , Wo          , Wo^Bw\      , Wo^Bw\      , Wo          , Wo          , Wo          , Wo          , Wo^Bw\      , Wo^Bw/      , Wo^Bw/      , Wo          , Wo          , Wo          , Wo          , Wo^Bw/      , Wo^Bw/      , Wo          , Wo          , Wo          , Wo          , Wo^Bw/      , Wo          , Wo          , Wo^Bw|      , Wo          , Wo          , Gg          , Gs^Fp       , Gs^Fp       
Gs^Fp       ,Gs^Fp       , Gg          , Wo          , Wo          , Wo^Bw|      , Wo          , Wo          , Wo          , Wo^Bw\      , Wo^Bw\      , Wo          , Wo          , Wo          , Wo          , Wo^Bw\      , Wo^Bw\      , Wo          , Wo          , Wo          , Wo          , Wo          , Wo          , Wo          , Wo^Bw/      , Wo^Bw/      , Wo          , Wo          , Wo          , Wo          , Wo^Bw/      , Wo^Bw/      , Wo          , Wo          , Wo          , Wo^Bw|      , Wo          , Wo          , Gg          , Gs^Fp       , Gs^Fp       
Gs^Fp       ,Gs^Fp       , Gg          , Wo          , Wo^Bw/      , Wo^Bw\      , Wo^Bw\      , Wo          , Wo          , Wo          , Wo          , Wo^Bw\      , Wo^Bw\      , Wo          , Wo          , Wo          , Wo          , Wo^Bw\      , Wo^Bw\      , Wo          , Wo          , Wo          , Wo^Bw/      , Wo^Bw/      , Wo          , Wo          , Wo          , Wo          , Wo^Bw/      , Wo^Bw/      , Wo          , Wo          , Wo          , Wo          , Wo^Bw/      , Wo^Bw/      , Wo^Bw\      , Wo          , Gg          , Gs^Fp       , Gs^Fp       
Gs^Fp       ,Gs^Fp       , Re          , Wo^Bw/      , Wo          , Wo          , Wo          , Wo^Bw\      , Wo^Bw\      , Wo          , Wo          , Wo          , Wo          , Wo^Bw\      , Wo^Bw\      , Wo          , Wo          , Wo          , Wo          , Wo^Bw\      , Wo^Bw/      , Wo^Bw/      , Wo          , Wo          , Wo          , Wo          , Wo^Bw/      , Wo^Bw/      , Wo          , Wo          , Wo          , Wo          , Wo^Bw/      , Wo^Bw/      , Wo          , Wo          , Wo          , Wo^Bw\      , Re          , Gs^Fp       , Gs^Fp       
Re          ,Re          , Gs^Fp       , Gg          , Gg          , Wo          , Wo          , Wo          , Wo          , Wo^Bw\      , Wo^Bw\      , Wo          , Wo          , Wo          , Wo          , Wo^Bw\      , Wo^Bw\      , Wo          , Wo          , Wo          , Wo          , Wo          , Wo          , Wo          , Wo^Bw/      , Wo^Bw/      , Wo          , Wo          , Wo          , Wo          , Wo^Bw/      , Wo^Bw/      , Wo          , Wo          , Wo          , Wo          , Gg          , Gg          , Gs^Fp       , Re          , Re          
Gs^Fp       ,Gs^Fp       , Gs^Fp       , Gs^Fp       , Gs^Fp       , Gg          , Gg          , Wo          , Wo          , Wo          , Wo          , Wo^Bw\      , Wo^Bw\      , Wo          , Wo          , Wo          , Wo          , Wo^Bw\      , Wo^Bw\      , Wo          , Wo          , Wo          , Wo^Bw/      , Wo^Bw/      , Wo          , Wo          , Wo          , Wo          , Wo^Bw/      , Wo^Bw/      , Wo          , Wo          , Wo          , Wo          , Gg          , Gg          , Gs^Fp       , Gs^Fp       , Gs^Fp       , Gs^Fp       , Gs^Fp       
Gs^Fp       ,Gs^Fp       , Gs^Fp       , Gs^Fp       , Gs^Fp       , Gs^Fp       , Gs^Fp       , Gg          , Gg          , Wo          , Wo          , Wo          , Wo          , Wo^Bw\      , Wo^Bw\      , Wo          , Wo          , Wo          , Wo          , Wo^Bw\      , Wo^Bw/      , Wo^Bw/      , Wo          , Wo          , Wo          , Wo          , Wo^Bw/      , Wo^Bw/      , Wo          , Wo          , Wo          , Wo          , Gg          , Gg          , Gs^Fp       , Gs^Fp       , Gs^Fp       , Gs^Fp       , Gs^Fp       , Gs^Fp       , Gs^Fp       
Gs^Fp       ,Gs^Fp       , Gs^Fp       , Gs^Fp       , Gs^Fp       , Gs^Fp       , Gs^Fp       , Gs^Fp       , Gs^Fp       , Gg          , Gg          , Wo          , Wo          , Wo          , Wo          , Wo^Bw\      , Wo^Bw\      , Wo          , Wo          , Wo          , Wo          , Wo          , Wo          , Wo          , Wo^Bw/      , Wo^Bw/      , Wo          , Wo          , Wo          , Wo          , Gg          , Gg          , Gs^Fp       , Gs^Fp       , Gs^Fp       , Gs^Fp       , Gs^Fp       , Gs^Fp       , Gs^Fp       , Gs^Fp       , Gs^Fp       
Gs^Fp       ,Gs^Fp       , Gs^Fp       , Gs^Fp       , Gs^Fp       , Gs^Fp       , Gs^Fp       , Gs^Fp       , Gs^Fp       , Gs^Fp       , Gg          , Gg          , Gg          , Wo          , Wo          , Wo          , Wo          , Wo^Bw\      , Wo^Bw\      , Wo          , Wo          , Wo          , Wo^Bw/      , Wo^Bw/      , Wo          , Wo          , Wo          , Wo          , Gg          , Gg          , Gs^Fp       , Gs^Fp       , Gs^Fp       , Gs^Fp       , Gs^Fp       , Gs^Fp       , Gs^Fp       , Gs^Fp       , Gs^Fp       , Gs^Fp       , Gs^Fp       
Gs^Fp       ,Gs^Fp       , Gs^Fp       , Gs^Fp       , Gs^Fp       , Gs^Fp       , Gs^Fp       , Gs^Fp       , Gs^Fp       , Gs^Fp       , Gs^Fp       , Gs^Fp       , Gs^Fp       , Gg          , Gg          , Wo          , Wo          , Wo          , Wo          , Wo^Bw\      , Wo^Bw\      , Wo^Bw/      , Wo          , Wo          , Wo          , Wo          , Gg          , Gg          , Gs^Fp       , Gs^Fp       , Gs^Fp       , Gs^Fp       , Gs^Fp       , Gs^Fp       , Gs^Fp       , Gs^Fp       , Gs^Fp       , Gs^Fp       , Gs^Fp       , Gs^Fp       , Gs^Fp       
Gs^Fp       ,Gs^Fp       , Gs^Fp       , Gs^Fp       , Gs^Fp       , Gs^Fp       , Gs^Fp       , Gs^Fp       , Gs^Fp       , Gs^Fp       , Gs^Fp       , Gs^Fp       , Gs^Fp       , Gs^Fp       , Gs^Fp       , Gg          , Gg          , Wo          , Wo          , Wo          , Wo^Bw|      , Wo          , Wo          , Wo          , Gg          , Gg          , Gs^Fp       , Gs^Fp       , Gs^Fp       , Gs^Fp       , Gs^Fp       , Gs^Fp       , Gs^Fp       , Gs^Fp       , Gs^Fp       , Gs^Fp       , Gs^Fp       , Gs^Fp       , Gs^Fp       , Gs^Fp       , Gs^Fp       
Gs^Fp       ,Gs^Fp       , Gs^Fp       , Gs^Fp       , Gs^Fp       , Gs^Fp       , Gs^Fp       , Gs^Fp       , Gs^Fp       , Gs^Fp       , Gs^Fp       , Gs^Fp       , Gs^Fp       , Gs^Fp       , Gs^Fp       , Gs^Fp       , Gs^Fp       , Gg          , Gg          , Wo          , Wo^Bw|      , Wo          , Gg          , Gg          , Gs^Fp       , Gs^Fp       , Gs^Fp       , Gs^Fp       , Gs^Fp       , Gs^Fp       , Gs^Fp       , Gs^Fp       , Gs^Fp       , Gs^Fp       , Gs^Fp       , Gs^Fp       , Gs^Fp       , Gs^Fp       , Gs^Fp       , Gs^Fp       , Gs^Fp       
Gs^Fp       ,Gs^Fp       , Gs^Fp       , Gs^Fp       , Gs^Fp       , Gs^Fp       , Gs^Fp       , Gs^Fp       , Gs^Fp       , Gs^Fp       , Gs^Fp       , Gs^Fp       , Gs^Fp       , Gs^Fp       , Gs^Fp       , Gs^Fp       , Gs^Fp       , Gs^Fp       , Gs^Fp       , Gg          , Re          , Gg          , Gs^Fp       , Gs^Fp       , Gs^Fp       , Gs^Fp       , Gs^Fp       , Gs^Fp       , Gs^Fp       , Gs^Fp       , Gs^Fp       , Gs^Fp       , Gs^Fp       , Gs^Fp       , Gs^Fp       , Gs^Fp       , Gs^Fp       , Gs^Fp       , Gs^Fp       , Gs^Fp       , Gs^Fp       
Gs^Fp       ,Gs^Fp       , Gs^Fp       , Gs^Fp       , Gs^Fp       , Gs^Fp       , Gs^Fp       , Gs^Fp       , Gs^Fp       , Gs^Fp       , Gs^Fp       , Gs^Fp       , Gs^Fp       , Gs^Fp       , Gs^Fp       , Gs^Fp       , Gs^Fp       , Gg^Vh       , Gs^Fp       , Gs^Fp       , Re          , Gs^Fp       , Gs^Fp       , Gg^Vh       , Gs^Fp       , Gs^Fp       , Gs^Fp       , Gs^Fp       , Gs^Fp       , Gs^Fp       , Gs^Fp       , Gs^Fp       , Gs^Fp       , Gs^Fp       , Gs^Fp       , Gs^Fp       , Gs^Fp       , Gs^Fp       , Gs^Fp       , Gs^Fp       , Gs^Fp       
Gs^Fp       ,Gs^Fp       , Gs^Fp       , Gs^Fp       , Gs^Fp       , Gs^Fp       , Gs^Fp       , Gs^Fp       , Gs^Fp       , Gs^Fp       , Gs^Fp       , Gs^Fp       , Gs^Fp       , Gs^Fp       , Gs^Fp       , Gs^Fp       , Gs^Fp       , Gs^Fp       , Re          , Re          , Re          , Re          , Re          , Gs^Fp       , Gs^Fp       , Gs^Fp       , Gs^Fp       , Gs^Fp       , Gs^Fp       , Gs^Fp       , Gs^Fp       , Gs^Fp       , Gs^Fp       , Gs^Fp       , Gs^Fp       , Gs^Fp       , Gs^Fp       , Gs^Fp       , Gs^Fp       , Gs^Fp       , Gs^Fp       
Gs^Fp       ,Gs^Fp       , Gs^Fp       , Gs^Fp       , Gs^Fp       , Gs^Fp       , Gs^Fp       , Gs^Fp       , Gs^Fp       , Gs^Fp       , Gs^Fp       , Gs^Fp       , Gs^Fp       , Gs^Fp       , Gs^Fp       , Gs^Fp       , Gs^Fp       , Gs^Fp       , Re          , Re          , Re          , Re          , Re          , Gs^Fp       , Gs^Fp       , Gs^Fp       , Gs^Fp       , Gs^Fp       , Gs^Fp       , Gs^Fp       , Gs^Fp       , Gs^Fp       , Gs^Fp       , Gs^Fp       , Gs^Fp       , Gs^Fp       , Gs^Fp       , Gs^Fp       , Gs^Fp       , Gs^Fp       , Gs^Fp       
